[2026-09-29T06:58:11Z] pipeline start
[2026-09-29T06:58:11Z] step1 news
wrote reports/news_digest.md (33 lines, 30 items seen)
[2026-09-29T06:58:23Z] step2 governed cycle
SKIP USDJPY  plan invalid (no aligned trend+flow conviction -> stan)
SKIP XAUUSD  plan invalid (no aligned trend+flow conviction -> stan)
cycle done: 0 live orders placed (live=False)
[2026-09-29T06:58:25Z] step3 brief
# Daily Market Brief — 2026-09-29 06:58 UTC

_Risk-governed. Honest. No trade is better than a bad trade._

## 1. Actionable headlines
- **[ACTIONABLE]** U.S. Treasury Yields Fall But Direction for Long-End Yields Still Seen Upward
- **[ACTIONABLE]** Russia's Crude Exports Fairly Stable Despite U.S. Sanctions, Goldman Says
- **[ACTIONABLE]** Trump Adds Fuel to Claims That Big Banks Discriminate Against Conservatives
- **[ACTIONABLE]** Asia subdued fall as rising yields, oil weigh; RBA hikes rates as expected

## 2. Governed trade plans  (equity $10,000, risk ≤ 1%/trade)

**Standing aside.** scanned 10 symbols. No symbol has aligned trend + money-flow conviction, so the rules produce no trade. Capital preserved by default.

## 3. Rules in force
- Max 1% equity risk per trade; sizing FLOORed (never breaches cap).
- Mandatory stop-loss at 1.5×ATR; target ≥ 1.5R.
- No martingale, no averaging into losses, size capped.
- Trades only on aligned trend + flow; otherwise FLAT.

_Paper/analysis only until a broker (MT5) bridge exists._
[2026-09-29T06:58:30Z] step4 commit/push
