2026-09-28T16:17:53.942484+00:00 --- cycle start mode=DEMO bal=100425.41 eq=100425.41 open=0 live=False
2026-09-28T16:17:54.261947+00:00   EURUSD: no signal (last=1.1371389627456665)
2026-09-28T16:17:54.578666+00:00   GBPUSD: no signal (last=1.3258730173110962)
2026-09-28T16:17:54.903326+00:00   USDJPY: no signal (last=157.3249969482422)
2026-09-28T16:17:55.224017+00:00   AUDUSD: no signal (last=0.7019021511077881)
2026-09-28T16:17:55.545398+00:00   XAUUSD: no signal (last=4155.10009765625)
2026-09-28T16:17:55.545637+00:00 --- cycle end
2026-09-28T16:19:13.578818+00:00 --- cycle start mode=DEMO bal=100425.41 eq=100425.41 open=0 live=True
2026-09-28T16:19:13.908200+00:00   EURUSD: no signal (last=1.1371389627456665)
2026-09-28T16:19:14.230910+00:00   GBPUSD: no signal (last=1.3258554935455322)
2026-09-28T16:19:14.592653+00:00   USDJPY: no signal (last=157.32400512695312)
2026-09-28T16:19:14.918857+00:00   AUDUSD: no signal (last=0.7023458480834961)
2026-09-28T16:19:15.250910+00:00   XAUUSD: no signal (last=4153.39990234375)
2026-09-28T16:19:15.251121+00:00 --- cycle end
2026-09-28T16:19:45.356641+00:00 --- cycle mode=DEMO eq=100425.41 open=0 live=False
2026-09-28T16:19:46.987820+00:00 --- cycle end
2026-09-28T16:34:15.307805+00:00 --- cycle mode=DEMO eq=100425.41 open=0 live=True
2026-09-28T16:34:16.952772+00:00 --- cycle end
2026-09-28T16:41:08.382168+00:00 --- cycle mode=DEMO eq=100425.41 open=0 live=False
2026-09-28T16:41:08.382512+00:00 news gate: event risk -> no new entries (Australian Dollar Outlook: AUD/USD Holds 70c Ahead of RBA and CPI - FO)
2026-09-28T16:49:17.008170+00:00 --- cycle mode=DEMO eq=100425.41 open=0 live=True
2026-09-28T16:49:20.855964+00:00 --- cycle end
2026-09-28T17:04:20.912247+00:00 --- cycle mode=DEMO eq=100425.41 open=0 live=True
2026-09-28T17:04:22.571277+00:00 --- cycle end
2026-09-28T17:19:22.636924+00:00 reconcile skipped: <urlopen error [Errno 111] Connection refused>
2026-09-28T17:34:22.757672+00:00 reconcile skipped: <urlopen error [Errno 111] Connection refused>
2026-09-28T17:49:22.851980+00:00 reconcile skipped: <urlopen error [Errno 111] Connection refused>
2026-09-28T18:04:22.943435+00:00 reconcile skipped: <urlopen error [Errno 111] Connection refused>
2026-09-28T18:19:23.031114+00:00 reconcile skipped: <urlopen error [Errno 111] Connection refused>
2026-09-28T18:34:23.120713+00:00 reconcile skipped: <urlopen error [Errno 111] Connection refused>
2026-09-28T18:49:23.213840+00:00 reconcile skipped: <urlopen error [Errno 111] Connection refused>
2026-09-28T19:04:23.309187+00:00 reconcile skipped: <urlopen error [Errno 111] Connection refused>
2026-09-28T19:19:23.403599+00:00 reconcile skipped: <urlopen error [Errno 111] Connection refused>
2026-09-28T19:34:23.499851+00:00 reconcile skipped: <urlopen error [Errno 111] Connection refused>
2026-09-28T19:49:23.595844+00:00 reconcile skipped: <urlopen error [Errno 111] Connection refused>
2026-09-28T20:04:23.690000+00:00 reconcile skipped: <urlopen error [Errno 111] Connection refused>
2026-09-28T20:19:23.781176+00:00 reconcile skipped: <urlopen error [Errno 111] Connection refused>
2026-09-28T20:34:23.881335+00:00 reconcile skipped: <urlopen error [Errno 111] Connection refused>
2026-09-28T20:49:23.984161+00:00 reconcile skipped: <urlopen error [Errno 111] Connection refused>
2026-09-28T21:04:24.100940+00:00 reconcile skipped: <urlopen error [Errno 111] Connection refused>
2026-09-28T21:19:24.196180+00:00 reconcile skipped: <urlopen error [Errno 111] Connection refused>
2026-09-28T21:34:24.296465+00:00 reconcile skipped: <urlopen error [Errno 111] Connection refused>
2026-09-28T21:49:24.393194+00:00 reconcile skipped: <urlopen error [Errno 111] Connection refused>
2026-09-28T22:04:24.514876+00:00 reconcile skipped: <urlopen error [Errno 111] Connection refused>
2026-09-28T22:19:24.609635+00:00 reconcile skipped: <urlopen error [Errno 111] Connection refused>
2026-09-28T22:34:24.722350+00:00 reconcile skipped: <urlopen error [Errno 111] Connection refused>
2026-09-28T22:49:24.810008+00:00 reconcile skipped: <urlopen error [Errno 111] Connection refused>
2026-09-28T23:04:24.907181+00:00 reconcile skipped: <urlopen error [Errno 111] Connection refused>
2026-09-28T23:19:25.012409+00:00 reconcile skipped: <urlopen error [Errno 111] Connection refused>
2026-09-28T23:34:25.116740+00:00 reconcile skipped: <urlopen error [Errno 111] Connection refused>
2026-09-28T23:49:25.204222+00:00 reconcile skipped: <urlopen error [Errno 111] Connection refused>
2026-09-29T00:04:25.293968+00:00 reconcile skipped: <urlopen error [Errno 111] Connection refused>
2026-09-29T00:19:25.385003+00:00 reconcile skipped: <urlopen error [Errno 111] Connection refused>
2026-09-29T00:34:25.474705+00:00 reconcile skipped: <urlopen error [Errno 111] Connection refused>
2026-09-29T00:49:25.563648+00:00 reconcile skipped: <urlopen error [Errno 111] Connection refused>
2026-09-29T01:04:25.648013+00:00 reconcile skipped: <urlopen error [Errno 111] Connection refused>
2026-09-29T01:19:25.738109+00:00 reconcile skipped: <urlopen error [Errno 111] Connection refused>
2026-09-29T01:34:25.827489+00:00 reconcile skipped: <urlopen error [Errno 111] Connection refused>
2026-09-29T01:49:25.935629+00:00 --- cycle mode=DEMO eq=100425.41 open=0 live=True
2026-09-29T01:49:27.558692+00:00 --- cycle end
2026-09-29T02:04:27.636771+00:00 --- cycle mode=DEMO eq=100425.43 open=1 live=True
2026-09-29T02:04:27.636913+00:00   POS EURUSD+ buy v=0.01 pnl=0.05
2026-09-29T02:04:27.637105+00:00 cycle end: in position
2026-09-29T02:19:27.706235+00:00 --- cycle mode=DEMO eq=100425.68 open=1 live=True
2026-09-29T02:19:27.706374+00:00   POS EURUSD+ buy v=0.01 pnl=0.3
2026-09-29T02:19:27.706611+00:00 cycle end: in position
2026-09-29T02:34:27.808797+00:00 --- cycle mode=DEMO eq=100425.54 open=2 live=True
2026-09-29T02:34:27.809320+00:00   POS EURUSD+ buy v=0.01 pnl=0.15
2026-09-29T02:34:27.809360+00:00   POS EURUSD+ buy v=0.01 pnl=0.04
2026-09-29T02:34:27.810001+00:00 cycle end: in position
2026-09-29T02:49:27.888736+00:00 --- cycle mode=DEMO eq=100425.64 open=2 live=True
2026-09-29T02:49:27.888851+00:00   POS EURUSD+ buy v=0.01 pnl=0.2
2026-09-29T02:49:27.888879+00:00   POS EURUSD+ buy v=0.01 pnl=0.09
2026-09-29T02:49:27.889001+00:00 cycle end: in position
2026-09-29T03:04:27.963403+00:00 --- cycle mode=DEMO eq=100425.18 open=2 live=True
2026-09-29T03:04:27.963580+00:00   POS EURUSD+ buy v=0.01 pnl=-0.03
2026-09-29T03:04:27.963609+00:00   POS EURUSD+ buy v=0.01 pnl=-0.14
2026-09-29T03:04:27.963727+00:00 cycle end: in position
2026-09-29T03:19:28.038049+00:00 --- cycle mode=DEMO eq=100425.26 open=2 live=True
2026-09-29T03:19:28.038169+00:00   POS EURUSD+ buy v=0.01 pnl=0.01
2026-09-29T03:19:28.038199+00:00   POS EURUSD+ buy v=0.01 pnl=-0.1
2026-09-29T03:19:28.038353+00:00 cycle end: in position
2026-09-29T03:34:28.116650+00:00 --- cycle mode=DEMO eq=100424.62 open=2 live=True
2026-09-29T03:34:28.116751+00:00   POS EURUSD+ buy v=0.01 pnl=-0.31
2026-09-29T03:34:28.116775+00:00   POS EURUSD+ buy v=0.01 pnl=-0.42
2026-09-29T03:34:28.116886+00:00 cycle end: in position
2026-09-29T03:49:28.184274+00:00 --- cycle mode=DEMO eq=100424.34 open=2 live=True
2026-09-29T03:49:28.184381+00:00   POS EURUSD+ buy v=0.01 pnl=-0.45
2026-09-29T03:49:28.184410+00:00   POS EURUSD+ buy v=0.01 pnl=-0.56
2026-09-29T03:49:28.184528+00:00 cycle end: in position
2026-09-29T04:04:28.258133+00:00 --- cycle mode=DEMO eq=100424.02 open=2 live=True
2026-09-29T04:04:28.258229+00:00   POS EURUSD+ buy v=0.01 pnl=-0.61
2026-09-29T04:04:28.258254+00:00   POS EURUSD+ buy v=0.01 pnl=-0.72
2026-09-29T04:04:28.258359+00:00 cycle end: in position
2026-09-29T04:19:28.347722+00:00 --- cycle mode=DEMO eq=100424.14 open=2 live=True
2026-09-29T04:19:28.347977+00:00   POS EURUSD+ buy v=0.01 pnl=-0.55
2026-09-29T04:19:28.348050+00:00   POS EURUSD+ buy v=0.01 pnl=-0.66
2026-09-29T04:19:28.348274+00:00 cycle end: in position
2026-09-29T04:34:28.441171+00:00 --- cycle mode=DEMO eq=100424.28 open=2 live=True
2026-09-29T04:34:28.441301+00:00   POS EURUSD+ buy v=0.01 pnl=-0.48
2026-09-29T04:34:28.441330+00:00   POS EURUSD+ buy v=0.01 pnl=-0.59
2026-09-29T04:34:28.441469+00:00 cycle end: in position
2026-09-29T04:49:28.506751+00:00 --- cycle mode=DEMO eq=100424.12 open=2 live=True
2026-09-29T04:49:28.506868+00:00   POS EURUSD+ buy v=0.01 pnl=-0.56
2026-09-29T04:49:28.506893+00:00   POS EURUSD+ buy v=0.01 pnl=-0.67
2026-09-29T04:49:28.507014+00:00 cycle end: in position
2026-09-29T05:04:28.592106+00:00 --- cycle mode=DEMO eq=100423.90 open=2 live=True
2026-09-29T05:04:28.592209+00:00   POS EURUSD+ buy v=0.01 pnl=-0.67
2026-09-29T05:04:28.592233+00:00   POS EURUSD+ buy v=0.01 pnl=-0.78
2026-09-29T05:04:28.592346+00:00 cycle end: in position
2026-09-29T05:19:28.669913+00:00 --- cycle mode=DEMO eq=100424.08 open=2 live=True
2026-09-29T05:19:28.670034+00:00   POS EURUSD+ buy v=0.01 pnl=-0.58
2026-09-29T05:19:28.670065+00:00   POS EURUSD+ buy v=0.01 pnl=-0.69
2026-09-29T05:19:28.670202+00:00 cycle end: in position
2026-09-29T05:34:28.741825+00:00 --- cycle mode=DEMO eq=100423.18 open=2 live=True
2026-09-29T05:34:28.741956+00:00   POS EURUSD+ buy v=0.01 pnl=-1.03
2026-09-29T05:34:28.741988+00:00   POS EURUSD+ buy v=0.01 pnl=-1.1400000000000001
2026-09-29T05:34:28.742258+00:00 cycle end: in position
2026-09-29T05:49:28.833051+00:00 --- cycle mode=DEMO eq=100422.86 open=2 live=True
2026-09-29T05:49:28.833191+00:00   POS EURUSD+ buy v=0.01 pnl=-1.18
2026-09-29T05:49:28.833221+00:00   POS EURUSD+ buy v=0.01 pnl=-1.29
2026-09-29T05:49:28.833452+00:00 cycle end: in position
2026-09-29T06:04:28.888147+00:00 --- cycle mode=DEMO eq=100424.22 open=2 live=True
2026-09-29T06:04:28.888246+00:00   POS EURUSD+ buy v=0.01 pnl=-0.51
2026-09-29T06:04:28.888271+00:00   POS EURUSD+ buy v=0.01 pnl=-0.62
2026-09-29T06:04:28.888524+00:00 cycle end: in position
2026-09-29T06:19:28.966444+00:00 --- cycle mode=DEMO eq=100424.38 open=2 live=True
2026-09-29T06:19:28.966593+00:00   POS EURUSD+ buy v=0.01 pnl=-0.43
2026-09-29T06:19:28.966626+00:00   POS EURUSD+ buy v=0.01 pnl=-0.54
2026-09-29T06:19:28.966802+00:00 cycle end: in position
2026-09-29T06:34:29.041899+00:00 --- cycle mode=DEMO eq=100424.48 open=2 live=True
2026-09-29T06:34:29.041994+00:00   POS EURUSD+ buy v=0.01 pnl=-0.38
2026-09-29T06:34:29.042019+00:00   POS EURUSD+ buy v=0.01 pnl=-0.49
2026-09-29T06:34:29.042166+00:00 cycle end: in position
2026-09-29T06:49:29.119799+00:00 --- cycle mode=DEMO eq=100424.60 open=2 live=True
2026-09-29T06:49:29.119907+00:00   POS EURUSD+ buy v=0.01 pnl=-0.32
2026-09-29T06:49:29.119933+00:00   POS EURUSD+ buy v=0.01 pnl=-0.43
2026-09-29T06:49:29.120076+00:00 cycle end: in position
2026-09-29T07:04:29.177664+00:00 --- cycle mode=DEMO eq=100423.98 open=2 live=True
2026-09-29T07:04:29.177756+00:00   POS EURUSD+ buy v=0.01 pnl=-0.63
2026-09-29T07:04:29.177781+00:00   POS EURUSD+ buy v=0.01 pnl=-0.74
2026-09-29T07:04:29.177918+00:00 cycle end: in position
2026-09-29T07:19:29.260039+00:00 --- cycle mode=DEMO eq=100423.30 open=2 live=True
2026-09-29T07:19:29.260131+00:00   POS EURUSD+ buy v=0.01 pnl=-0.97
2026-09-29T07:19:29.260154+00:00   POS EURUSD+ buy v=0.01 pnl=-1.08
2026-09-29T07:19:29.260287+00:00 cycle end: in position
2026-09-29T07:34:29.333382+00:00 --- cycle mode=DEMO eq=100420.50 open=2 live=True
2026-09-29T07:34:29.333478+00:00   POS EURUSD+ buy v=0.01 pnl=-2.37
2026-09-29T07:34:29.333501+00:00   POS EURUSD+ buy v=0.01 pnl=-2.48
2026-09-29T07:34:29.333635+00:00 cycle end: in position
2026-09-29T07:49:29.411835+00:00 --- cycle mode=DEMO eq=100421.36 open=2 live=True
2026-09-29T07:49:29.411944+00:00   POS EURUSD+ buy v=0.01 pnl=-1.94
2026-09-29T07:49:29.411968+00:00   POS EURUSD+ buy v=0.01 pnl=-2.05
2026-09-29T07:49:29.412084+00:00 cycle end: in position
2026-09-29T08:04:29.490384+00:00 --- cycle mode=DEMO eq=100421.62 open=2 live=True
2026-09-29T08:04:29.490509+00:00   POS EURUSD+ buy v=0.01 pnl=-1.81
2026-09-29T08:04:29.490536+00:00   POS EURUSD+ buy v=0.01 pnl=-1.92
2026-09-29T08:04:29.490722+00:00 cycle end: in position
2026-09-29T08:19:29.574120+00:00 --- cycle mode=DEMO eq=100421.76 open=2 live=True
2026-09-29T08:19:29.574309+00:00   POS EURUSD+ buy v=0.01 pnl=-1.74
2026-09-29T08:19:29.574360+00:00   POS EURUSD+ buy v=0.01 pnl=-1.85
2026-09-29T08:19:29.574700+00:00 cycle end: in position
2026-09-29T08:34:29.648005+00:00 --- cycle mode=DEMO eq=100420.62 open=2 live=True
2026-09-29T08:34:29.648141+00:00   POS EURUSD+ buy v=0.01 pnl=-2.31
2026-09-29T08:34:29.648170+00:00   POS EURUSD+ buy v=0.01 pnl=-2.42
2026-09-29T08:34:29.648480+00:00 cycle end: in position
2026-09-29T08:49:29.708514+00:00 --- cycle mode=DEMO eq=100420.82 open=2 live=True
2026-09-29T08:49:29.708616+00:00   POS EURUSD+ buy v=0.01 pnl=-2.21
2026-09-29T08:49:29.708641+00:00   POS EURUSD+ buy v=0.01 pnl=-2.32
2026-09-29T08:49:29.708864+00:00 cycle end: in position
2026-09-29T09:04:29.763991+00:00 --- cycle mode=DEMO eq=100421.22 open=2 live=True
2026-09-29T09:04:29.764084+00:00   POS EURUSD+ buy v=0.01 pnl=-2.01
2026-09-29T09:04:29.764109+00:00   POS EURUSD+ buy v=0.01 pnl=-2.12
2026-09-29T09:04:29.764331+00:00 cycle end: in position
2026-09-29T09:19:29.851142+00:00 --- cycle mode=DEMO eq=100419.28 open=2 live=True
2026-09-29T09:19:29.851247+00:00   POS EURUSD+ buy v=0.01 pnl=-2.98
2026-09-29T09:19:29.851272+00:00   POS EURUSD+ buy v=0.01 pnl=-3.09
2026-09-29T09:19:29.851463+00:00 cycle end: in position
2026-09-29T09:34:29.921384+00:00 --- cycle mode=DEMO eq=100419.10 open=2 live=True
2026-09-29T09:34:29.921522+00:00   POS EURUSD+ buy v=0.01 pnl=-3.07
2026-09-29T09:34:29.921555+00:00   POS EURUSD+ buy v=0.01 pnl=-3.18
2026-09-29T09:34:29.921799+00:00 cycle end: in position
2026-09-29T09:49:29.980057+00:00 --- cycle mode=DEMO eq=100418.40 open=2 live=True
2026-09-29T09:49:29.980185+00:00   POS EURUSD+ buy v=0.01 pnl=-3.42
2026-09-29T09:49:29.980213+00:00   POS EURUSD+ buy v=0.01 pnl=-3.5300000000000002
2026-09-29T09:49:29.980469+00:00 cycle end: in position
2026-09-29T10:04:30.052282+00:00 --- cycle mode=DEMO eq=100418.76 open=2 live=True
2026-09-29T10:04:30.052396+00:00   POS EURUSD+ buy v=0.01 pnl=-3.24
2026-09-29T10:04:30.052420+00:00   POS EURUSD+ buy v=0.01 pnl=-3.35
2026-09-29T10:04:30.052627+00:00 cycle end: in position
2026-09-29T10:19:30.129964+00:00 --- cycle mode=DEMO eq=100419.58 open=2 live=True
2026-09-29T10:19:30.130132+00:00   POS EURUSD+ buy v=0.01 pnl=-2.83
2026-09-29T10:19:30.130160+00:00   POS EURUSD+ buy v=0.01 pnl=-2.94
2026-09-29T10:19:30.130413+00:00 cycle end: in position
2026-09-29T10:34:30.199308+00:00 --- cycle mode=DEMO eq=100419.66 open=2 live=True
2026-09-29T10:34:30.199412+00:00   POS EURUSD+ buy v=0.01 pnl=-2.79
2026-09-29T10:34:30.199436+00:00   POS EURUSD+ buy v=0.01 pnl=-2.9
2026-09-29T10:34:30.199612+00:00 cycle end: in position
2026-09-29T10:49:30.267942+00:00 --- cycle mode=DEMO eq=100420.50 open=2 live=True
2026-09-29T10:49:30.268055+00:00   POS EURUSD+ buy v=0.01 pnl=-2.37
2026-09-29T10:49:30.268080+00:00   POS EURUSD+ buy v=0.01 pnl=-2.48
2026-09-29T10:49:30.268204+00:00 cycle end: in position
2026-09-29T11:04:30.358281+00:00 --- cycle mode=DEMO eq=100420.98 open=2 live=True
2026-09-29T11:04:30.358401+00:00   POS EURUSD+ buy v=0.01 pnl=-2.13
2026-09-29T11:04:30.358428+00:00   POS EURUSD+ buy v=0.01 pnl=-2.24
2026-09-29T11:04:30.358670+00:00 cycle end: in position
2026-09-29T11:19:30.441771+00:00 --- cycle mode=DEMO eq=100421.14 open=2 live=True
2026-09-29T11:19:30.441913+00:00   POS EURUSD+ buy v=0.01 pnl=-2.05
2026-09-29T11:19:30.441950+00:00   POS EURUSD+ buy v=0.01 pnl=-2.16
2026-09-29T11:19:30.442225+00:00 cycle end: in position
2026-09-29T11:34:30.517495+00:00 --- cycle mode=DEMO eq=100421.30 open=2 live=True
2026-09-29T11:34:30.517629+00:00   POS EURUSD+ buy v=0.01 pnl=-1.97
2026-09-29T11:34:30.517661+00:00   POS EURUSD+ buy v=0.01 pnl=-2.08
2026-09-29T11:34:30.517845+00:00 cycle end: in position
2026-09-29T11:49:30.574231+00:00 --- cycle mode=DEMO eq=100421.78 open=2 live=True
2026-09-29T11:49:30.574333+00:00   POS EURUSD+ buy v=0.01 pnl=-1.73
2026-09-29T11:49:30.574357+00:00   POS EURUSD+ buy v=0.01 pnl=-1.8399999999999999
2026-09-29T11:49:30.574606+00:00 cycle end: in position
2026-09-29T12:04:30.650950+00:00 --- cycle mode=DEMO eq=100423.32 open=2 live=True
2026-09-29T12:04:30.651067+00:00   POS EURUSD+ buy v=0.01 pnl=-0.96
2026-09-29T12:04:30.651095+00:00   POS EURUSD+ buy v=0.01 pnl=-1.07
2026-09-29T12:04:30.651266+00:00 cycle end: in position
2026-09-29T12:19:30.709396+00:00 --- cycle mode=DEMO eq=100422.50 open=2 live=True
2026-09-29T12:19:30.709538+00:00   POS EURUSD+ buy v=0.01 pnl=-1.37
2026-09-29T12:19:30.709571+00:00   POS EURUSD+ buy v=0.01 pnl=-1.48
2026-09-29T12:19:30.709692+00:00 cycle end: in position
2026-09-29T12:34:30.785391+00:00 --- cycle mode=DEMO eq=100421.78 open=2 live=True
2026-09-29T12:34:30.785525+00:00   POS EURUSD+ buy v=0.01 pnl=-1.73
2026-09-29T12:34:30.785558+00:00   POS EURUSD+ buy v=0.01 pnl=-1.8399999999999999
2026-09-29T12:34:30.785710+00:00 cycle end: in position
2026-09-29T12:49:30.849946+00:00 --- cycle mode=DEMO eq=100421.16 open=2 live=True
2026-09-29T12:49:30.850048+00:00   POS EURUSD+ buy v=0.01 pnl=-2.04
2026-09-29T12:49:30.850073+00:00   POS EURUSD+ buy v=0.01 pnl=-2.15
2026-09-29T12:49:30.850291+00:00 cycle end: in position
2026-09-29T13:04:30.917390+00:00 --- cycle mode=DEMO eq=100420.80 open=2 live=True
2026-09-29T13:04:30.917499+00:00   POS EURUSD+ buy v=0.01 pnl=-2.22
2026-09-29T13:04:30.917524+00:00   POS EURUSD+ buy v=0.01 pnl=-2.33
2026-09-29T13:04:30.917692+00:00 cycle end: in position
2026-09-29T13:19:30.977558+00:00 --- cycle mode=DEMO eq=100420.72 open=2 live=True
2026-09-29T13:19:30.977657+00:00   POS EURUSD+ buy v=0.01 pnl=-2.26
2026-09-29T13:19:30.977681+00:00   POS EURUSD+ buy v=0.01 pnl=-2.37
2026-09-29T13:19:30.977839+00:00 cycle end: in position
2026-09-29T13:34:31.060591+00:00 --- cycle mode=DEMO eq=100420.62 open=2 live=True
2026-09-29T13:34:31.060702+00:00   POS EURUSD+ buy v=0.01 pnl=-2.31
2026-09-29T13:34:31.060729+00:00   POS EURUSD+ buy v=0.01 pnl=-2.42
2026-09-29T13:34:31.060919+00:00 cycle end: in position
2026-09-29T13:49:31.119110+00:00 --- cycle mode=DEMO eq=100420.68 open=2 live=True
2026-09-29T13:49:31.119232+00:00   POS EURUSD+ buy v=0.01 pnl=-2.2800000000000002
2026-09-29T13:49:31.119259+00:00   POS EURUSD+ buy v=0.01 pnl=-2.39
2026-09-29T13:49:31.119384+00:00 cycle end: in position
2026-09-29T14:04:31.179714+00:00 --- cycle mode=DEMO eq=100420.40 open=2 live=True
2026-09-29T14:04:31.179865+00:00   POS EURUSD+ buy v=0.01 pnl=-2.42
2026-09-29T14:04:31.179901+00:00   POS EURUSD+ buy v=0.01 pnl=-2.5300000000000002
2026-09-29T14:04:31.180112+00:00 cycle end: in position
2026-09-29T14:19:31.246043+00:00 --- cycle mode=DEMO eq=100419.78 open=2 live=True
2026-09-29T14:19:31.246149+00:00   POS EURUSD+ buy v=0.01 pnl=-2.73
2026-09-29T14:19:31.246175+00:00   POS EURUSD+ buy v=0.01 pnl=-2.84
2026-09-29T14:19:31.246388+00:00 cycle end: in position
2026-09-29T14:34:31.306024+00:00 --- cycle mode=DEMO eq=100420.74 open=2 live=True
2026-09-29T14:34:31.306172+00:00   POS EURUSD+ buy v=0.01 pnl=-2.25
2026-09-29T14:34:31.306200+00:00   POS EURUSD+ buy v=0.01 pnl=-2.36
2026-09-29T14:34:31.306504+00:00 cycle end: in position
2026-09-29T14:49:31.393221+00:00 --- cycle mode=DEMO eq=100419.92 open=2 live=True
2026-09-29T14:49:31.393337+00:00   POS EURUSD+ buy v=0.01 pnl=-2.66
2026-09-29T14:49:31.393364+00:00   POS EURUSD+ buy v=0.01 pnl=-2.77
2026-09-29T14:49:31.393569+00:00 cycle end: in position
2026-09-29T15:04:31.475707+00:00 --- cycle mode=DEMO eq=100419.18 open=2 live=True
2026-09-29T15:04:31.475836+00:00   POS EURUSD+ buy v=0.01 pnl=-3.03
2026-09-29T15:04:31.475867+00:00   POS EURUSD+ buy v=0.01 pnl=-3.14
2026-09-29T15:04:31.476038+00:00 cycle end: in position
2026-09-29T15:19:31.552390+00:00 --- cycle mode=DEMO eq=100418.54 open=2 live=True
2026-09-29T15:19:31.552496+00:00   POS EURUSD+ buy v=0.01 pnl=-3.35
2026-09-29T15:19:31.552521+00:00   POS EURUSD+ buy v=0.01 pnl=-3.46
2026-09-29T15:19:31.552700+00:00 cycle end: in position
2026-09-29T15:34:31.638156+00:00 --- cycle mode=DEMO eq=100418.74 open=2 live=True
2026-09-29T15:34:31.638320+00:00   POS EURUSD+ buy v=0.01 pnl=-3.25
2026-09-29T15:34:31.638353+00:00   POS EURUSD+ buy v=0.01 pnl=-3.36
2026-09-29T15:34:31.638463+00:00 cycle end: in position
2026-09-29T15:49:31.716069+00:00 --- cycle mode=DEMO eq=100418.38 open=2 live=True
2026-09-29T15:49:31.716169+00:00   POS EURUSD+ buy v=0.01 pnl=-3.43
2026-09-29T15:49:31.716277+00:00   POS EURUSD+ buy v=0.01 pnl=-3.54
2026-09-29T15:49:31.716410+00:00 cycle end: in position
2026-09-29T16:04:31.785153+00:00 --- cycle mode=DEMO eq=100418.76 open=2 live=True
2026-09-29T16:04:31.785248+00:00   POS EURUSD+ buy v=0.01 pnl=-3.24
2026-09-29T16:04:31.785273+00:00   POS EURUSD+ buy v=0.01 pnl=-3.35
2026-09-29T16:04:31.785508+00:00 cycle end: in position
2026-09-29T16:19:31.842046+00:00 --- cycle mode=DEMO eq=100417.62 open=2 live=True
2026-09-29T16:19:31.842147+00:00   POS EURUSD+ buy v=0.01 pnl=-3.81
2026-09-29T16:19:31.842173+00:00   POS EURUSD+ buy v=0.01 pnl=-3.92
2026-09-29T16:19:31.842359+00:00 cycle end: in position
2026-09-29T16:34:31.920100+00:00 --- cycle mode=DEMO eq=100417.82 open=2 live=True
2026-09-29T16:34:31.920227+00:00   POS EURUSD+ buy v=0.01 pnl=-3.71
2026-09-29T16:34:31.920260+00:00   POS EURUSD+ buy v=0.01 pnl=-3.82
2026-09-29T16:34:31.920417+00:00 cycle end: in position
2026-09-29T16:49:31.993551+00:00 --- cycle mode=DEMO eq=100415.44 open=2 live=True
2026-09-29T16:49:31.993681+00:00   POS EURUSD+ buy v=0.01 pnl=-4.9
2026-09-29T16:49:31.993711+00:00   POS EURUSD+ buy v=0.01 pnl=-5.01
2026-09-29T16:49:31.993872+00:00 cycle end: in position
2026-09-29T17:04:32.076424+00:00 --- cycle mode=DEMO eq=100414.98 open=2 live=True
2026-09-29T17:04:32.076523+00:00   POS EURUSD+ buy v=0.01 pnl=-5.13
2026-09-29T17:04:32.076547+00:00   POS EURUSD+ buy v=0.01 pnl=-5.24
2026-09-29T17:04:32.076733+00:00 cycle end: in position
2026-09-29T17:19:32.154604+00:00 --- cycle mode=DEMO eq=100415.28 open=2 live=True
2026-09-29T17:19:32.154698+00:00   POS EURUSD+ buy v=0.01 pnl=-4.98
2026-09-29T17:19:32.154722+00:00   POS EURUSD+ buy v=0.01 pnl=-5.09
2026-09-29T17:19:32.154890+00:00 cycle end: in position
2026-09-29T17:34:32.231255+00:00 --- cycle mode=DEMO eq=100415.04 open=2 live=True
2026-09-29T17:34:32.231438+00:00   POS EURUSD+ buy v=0.01 pnl=-5.1
2026-09-29T17:34:32.231485+00:00   POS EURUSD+ buy v=0.01 pnl=-5.21
2026-09-29T17:34:32.231722+00:00 cycle end: in position
2026-09-29T17:49:32.294838+00:00 --- cycle mode=DEMO eq=100415.02 open=2 live=True
2026-09-29T17:49:32.294940+00:00   POS EURUSD+ buy v=0.01 pnl=-5.11
2026-09-29T17:49:32.294966+00:00   POS EURUSD+ buy v=0.01 pnl=-5.22
2026-09-29T17:49:32.295224+00:00 cycle end: in position
2026-09-29T18:04:32.350221+00:00 --- cycle mode=DEMO eq=100417.42 open=2 live=True
2026-09-29T18:04:32.350359+00:00   POS EURUSD+ buy v=0.01 pnl=-3.91
2026-09-29T18:04:32.350393+00:00   POS EURUSD+ buy v=0.01 pnl=-4.02
2026-09-29T18:04:32.350601+00:00 cycle end: in position
2026-09-29T18:19:32.416176+00:00 --- cycle mode=DEMO eq=100419.24 open=2 live=True
2026-09-29T18:19:32.416274+00:00   POS EURUSD+ buy v=0.01 pnl=-3
2026-09-29T18:19:32.416298+00:00   POS EURUSD+ buy v=0.01 pnl=-3.11
2026-09-29T18:19:32.416400+00:00 cycle end: in position
2026-09-29T18:34:32.490901+00:00 --- cycle mode=DEMO eq=100418.74 open=2 live=True
2026-09-29T18:34:32.490997+00:00   POS EURUSD+ buy v=0.01 pnl=-3.25
2026-09-29T18:34:32.491022+00:00   POS EURUSD+ buy v=0.01 pnl=-3.36
2026-09-29T18:34:32.491128+00:00 cycle end: in position
2026-09-29T18:49:32.555643+00:00 --- cycle mode=DEMO eq=100419.44 open=2 live=True
2026-09-29T18:49:32.555741+00:00   POS EURUSD+ buy v=0.01 pnl=-2.9
2026-09-29T18:49:32.555767+00:00   POS EURUSD+ buy v=0.01 pnl=-3.01
2026-09-29T18:49:32.555914+00:00 cycle end: in position
2026-09-29T19:04:32.626192+00:00 --- cycle mode=DEMO eq=100420.18 open=2 live=True
2026-09-29T19:04:32.626287+00:00   POS EURUSD+ buy v=0.01 pnl=-2.5300000000000002
2026-09-29T19:04:32.626312+00:00   POS EURUSD+ buy v=0.01 pnl=-2.64
2026-09-29T19:04:32.626572+00:00 cycle end: in position
