2026-09-28T16:41:18.003283+00:00 news: 124 items (130 raw), 8 high-impact
  [4] Australian Dollar Outlook: AUD/USD Holds 70c Ahead of RBA and CPI - FOREX.com
  [6] US nonfarm payrolls blow past expectations in August; unemployment rate steady at 4.1% - Reuters
  [4] Weekly forex forecast: EUR/USD, XAU/USD, GBP/USD USD/JPY, Bitcoin and more [Video] - FXStreet
  [4] Inflation persisted in August, potentially locking in a Fed interest rate hike - CNBC
  [4] Friday's CPI inflation report is even more important than usual. Here's what to expect - CNBC
  [4] Analysis: Hot inflation data sets up a Fed rate hike. What happens if Warsh wavers - CNBC
  [4] Fed rate hike in September is all but guaranteed after CPI report, economists say - CBS News
  [4] USD/JPY Weekly Outlook: Payrolls loom as US rates remain the dominant driver - FOREX.com
  -> pause flag expired, cleared
2026-09-28T17:11:20.353674+00:00 news: 124 items (130 raw), 9 high-impact
  [4] Australian Dollar Outlook: AUD/USD Holds 70c Ahead of RBA and CPI - FOREX.com
  [6] US nonfarm payrolls blow past expectations in August; unemployment rate steady at 4.1% - Reuters
  [4] ECB’s Lagarde Sticks to “Middle Path” as Higher Yields Tighten Conditions - Action Forex
  [4] Weekly forex forecast: EUR/USD, XAU/USD, GBP/USD USD/JPY, Bitcoin and more [Video] - fxstreet.com
  [4] Inflation persisted in August, potentially locking in a Fed interest rate hike - CNBC
  [4] Friday's CPI inflation report is even more important than usual. Here's what to expect - CNBC
  [4] Analysis: Hot inflation data sets up a Fed rate hike. What happens if Warsh wavers - CNBC
  [4] Fed rate hike in September is all but guaranteed after CPI report, economists say - CBS News
2026-09-28T17:41:22.524257+00:00 news: 125 items (130 raw), 9 high-impact
  [4] Australian Dollar Outlook: AUD/USD Holds 70c Ahead of RBA and CPI - FOREX.com
  [6] US nonfarm payrolls blow past expectations in August; unemployment rate steady at 4.1% - Reuters
  [4] ECB’s Lagarde Sticks to “Middle Path” as Higher Yields Tighten Conditions - Action Forex
  [4] Weekly forex forecast: EUR/USD, XAU/USD, GBP/USD USD/JPY, Bitcoin and more [Video] - FXStreet
  [4] Inflation persisted in August, potentially locking in a Fed interest rate hike - CNBC
  [4] Friday's CPI inflation report is even more important than usual. Here's what to expect - CNBC
  [4] Analysis: Hot inflation data sets up a Fed rate hike. What happens if Warsh wavers - CNBC
  [4] Fed rate hike in September is all but guaranteed after CPI report, economists say - CBS News
2026-09-28T18:11:24.852310+00:00 news: 125 items (130 raw), 9 high-impact
  [4] Australian Dollar Outlook: AUD/USD Holds 70c Ahead of RBA and CPI - FOREX.com
  [6] US nonfarm payrolls blow past expectations in August; unemployment rate steady at 4.1% - Reuters
  [4] Weekly forex forecast: EUR/USD, XAU/USD, GBP/USD USD/JPY, Bitcoin and more [Video] - FXStreet
  [4] Inflation persisted in August, potentially locking in a Fed interest rate hike - CNBC
  [4] ECB’s Lagarde Sticks to “Middle Path” as Higher Yields Tighten Conditions - Action Forex
  [4] Friday's CPI inflation report is even more important than usual. Here's what to expect - CNBC
  [4] Analysis: Hot inflation data sets up a Fed rate hike. What happens if Warsh wavers - CNBC
  [4] Fed rate hike in September is all but guaranteed after CPI report, economists say - CBS News
2026-09-28T18:41:27.023388+00:00 news: 123 items (130 raw), 9 high-impact
  [4] Australian Dollar Outlook: AUD/USD Holds 70c Ahead of RBA and CPI - FOREX.com
  [6] US nonfarm payrolls blow past expectations in August; unemployment rate steady at 4.1% - Reuters
  [4] Inflation persisted in August, potentially locking in a Fed interest rate hike - cnbc.com
  [4] Weekly forex forecast: EUR/USD, XAU/USD, GBP/USD USD/JPY, Bitcoin and more [Video] - FXStreet
  [4] ECB’s Lagarde Sticks to “Middle Path” as Higher Yields Tighten Conditions - Action Forex
  [4] Friday's CPI inflation report is even more important than usual. Here's what to expect - cnbc.com
  [4] Analysis: Hot inflation data sets up a Fed rate hike. What happens if Warsh wavers - cnbc.com
  [4] Fed rate hike in September is all but guaranteed after CPI report, economists say - CBS News
2026-09-28T19:11:29.213106+00:00 news: 123 items (130 raw), 9 high-impact
  [4] Australian Dollar Outlook: AUD/USD Holds 70c Ahead of RBA and CPI - FOREX.com
  [6] US nonfarm payrolls blow past expectations in August; unemployment rate steady at 4.1% - Reuters
  [4] Inflation persisted in August, potentially locking in a Fed interest rate hike - CNBC
  [4] Weekly forex forecast: EUR/USD, XAU/USD, GBP/USD USD/JPY, Bitcoin and more [Video] - FXStreet
  [4] ECB’s Lagarde Sticks to “Middle Path” as Higher Yields Tighten Conditions - Action Forex
  [4] Friday's CPI inflation report is even more important than usual. Here's what to expect - CNBC
  [4] Analysis: Hot inflation data sets up a Fed rate hike. What happens if Warsh wavers - CNBC
  [4] Fed rate hike in September is all but guaranteed after CPI report, economists say - CBS News
2026-09-28T19:41:31.510055+00:00 news: 123 items (130 raw), 8 high-impact
  [4] Australian Dollar Outlook: AUD/USD Holds 70c Ahead of RBA and CPI - FOREX.com
  [6] US nonfarm payrolls blow past expectations in August; unemployment rate steady at 4.1% - Reuters
  [4] Inflation persisted in August, potentially locking in a Fed interest rate hike - cnbc.com
  [4] Weekly forex forecast: EUR/USD, XAU/USD, GBP/USD USD/JPY, Bitcoin and more [Video] - FXStreet
  [4] ECB’s Lagarde Sticks to “Middle Path” as Higher Yields Tighten Conditions - Action Forex
  [4] Friday's CPI inflation report is even more important than usual. Here's what to expect - cnbc.com
  [4] Analysis: Hot inflation data sets up a Fed rate hike. What happens if Warsh wavers - cnbc.com
  [4] Fed rate hike in September is all but guaranteed after CPI report, economists say - CBS News
2026-09-28T20:11:33.995258+00:00 news: 125 items (130 raw), 9 high-impact
  [4] Australian Dollar Outlook: AUD/USD Holds 70c Ahead of RBA and CPI - FOREX.com
  [6] US nonfarm payrolls blow past expectations in August; unemployment rate steady at 4.1% - Reuters
  [4] Inflation persisted in August, potentially locking in a Fed interest rate hike - CNBC
  [4] Weekly forex forecast: EUR/USD, XAU/USD, GBP/USD USD/JPY, Bitcoin and more [Video] - FXStreet
  [4] Friday's CPI inflation report is even more important than usual. Here's what to expect - CNBC
  [4] Analysis: Hot inflation data sets up a Fed rate hike. What happens if Warsh wavers - CNBC
  [4] ECB’s Lagarde Sticks to “Middle Path” as Higher Yields Tighten Conditions - Action Forex
  [4] Fed rate hike in September is all but guaranteed after CPI report, economists say - CBS News
2026-09-28T20:41:36.284368+00:00 news: 125 items (130 raw), 8 high-impact
  [4] Australian Dollar Outlook: AUD/USD Holds 70c Ahead of RBA and CPI - FOREX.com
  [6] US nonfarm payrolls blow past expectations in August; unemployment rate steady at 4.1% - Reuters
  [4] Inflation persisted in August, potentially locking in a Fed interest rate hike - CNBC
  [4] Weekly forex forecast: EUR/USD, XAU/USD, GBP/USD USD/JPY, Bitcoin and more [Video] - FXStreet
  [4] Friday's CPI inflation report is even more important than usual. Here's what to expect - CNBC
  [4] Analysis: Hot inflation data sets up a Fed rate hike. What happens if Warsh wavers - CNBC
  [4] ECB’s Lagarde Sticks to “Middle Path” as Higher Yields Tighten Conditions - actionforex.com
  [4] Fed rate hike in September is all but guaranteed after CPI report, economists say - CBS News
2026-09-28T21:11:38.550510+00:00 news: 125 items (130 raw), 8 high-impact
  [4] Australian Dollar Outlook: AUD/USD Holds 70c Ahead of RBA and CPI - FOREX.com
  [6] US nonfarm payrolls blow past expectations in August; unemployment rate steady at 4.1% - Reuters
  [4] Inflation persisted in August, potentially locking in a Fed interest rate hike - CNBC
  [4] Weekly forex forecast: EUR/USD, XAU/USD, GBP/USD USD/JPY, Bitcoin and more [Video] - FXStreet
  [4] Friday's CPI inflation report is even more important than usual. Here's what to expect - CNBC
  [4] Analysis: Hot inflation data sets up a Fed rate hike. What happens if Warsh wavers - CNBC
  [4] ECB’s Lagarde Sticks to “Middle Path” as Higher Yields Tighten Conditions - Action Forex
  [4] Fed rate hike in September is all but guaranteed after CPI report, economists say - CBS News
2026-09-28T21:41:40.779963+00:00 news: 125 items (130 raw), 8 high-impact
  [4] Australian Dollar Outlook: AUD/USD Holds 70c Ahead of RBA and CPI - FOREX.com
  [6] US nonfarm payrolls blow past expectations in August; unemployment rate steady at 4.1% - Reuters
  [4] Inflation persisted in August, potentially locking in a Fed interest rate hike - cnbc.com
  [4] Weekly forex forecast: EUR/USD, XAU/USD, GBP/USD USD/JPY, Bitcoin and more [Video] - FXStreet
  [4] Friday's CPI inflation report is even more important than usual. Here's what to expect - cnbc.com
  [4] Analysis: Hot inflation data sets up a Fed rate hike. What happens if Warsh wavers - cnbc.com
  [4] Fed rate hike in September is all but guaranteed after CPI report, economists say - CBS News
  [4] ECB’s Lagarde Sticks to “Middle Path” as Higher Yields Tighten Conditions - Action Forex
2026-09-28T22:11:43.261483+00:00 news: 125 items (130 raw), 8 high-impact
  [4] Australian Dollar Outlook: AUD/USD Holds 70c Ahead of RBA and CPI - FOREX.com
  [6] US nonfarm payrolls blow past expectations in August; unemployment rate steady at 4.1% - Reuters
  [4] Inflation persisted in August, potentially locking in a Fed interest rate hike - CNBC
  [4] Weekly forex forecast: EUR/USD, XAU/USD, GBP/USD USD/JPY, Bitcoin and more [Video] - FXStreet
  [4] Friday's CPI inflation report is even more important than usual. Here's what to expect - CNBC
  [4] Analysis: Hot inflation data sets up a Fed rate hike. What happens if Warsh wavers - CNBC
  [4] Fed rate hike in September is all but guaranteed after CPI report, economists say - CBS News
  [4] ECB’s Lagarde Sticks to “Middle Path” as Higher Yields Tighten Conditions - Action Forex
2026-09-28T22:41:45.677415+00:00 news: 125 items (130 raw), 7 high-impact
  [6] US nonfarm payrolls blow past expectations in August; unemployment rate steady at 4.1% - Reuters
  [4] Australian Dollar Outlook: AUD/USD Holds 70c Ahead of RBA and CPI - FOREX.com
  [4] Inflation persisted in August, potentially locking in a Fed interest rate hike - CNBC
  [4] Weekly forex forecast: EUR/USD, XAU/USD, GBP/USD USD/JPY, Bitcoin and more [Video] - FXStreet
  [4] Friday's CPI inflation report is even more important than usual. Here's what to expect - CNBC
  [4] Analysis: Hot inflation data sets up a Fed rate hike. What happens if Warsh wavers - CNBC
  [4] Fed rate hike in September is all but guaranteed after CPI report, economists say - CBS News
2026-09-28T23:11:48.113304+00:00 news: 125 items (130 raw), 7 high-impact
  [6] US nonfarm payrolls blow past expectations in August; unemployment rate steady at 4.1% - Reuters
  [4] Australian Dollar Outlook: AUD/USD Holds 70c Ahead of RBA and CPI - FOREX.com
  [4] Inflation persisted in August, potentially locking in a Fed interest rate hike - CNBC
  [4] Weekly forex forecast: EUR/USD, XAU/USD, GBP/USD USD/JPY, Bitcoin and more [Video] - FXStreet
  [4] Friday's CPI inflation report is even more important than usual. Here's what to expect - CNBC
  [4] Analysis: Hot inflation data sets up a Fed rate hike. What happens if Warsh wavers - CNBC
  [4] Fed rate hike in September is all but guaranteed after CPI report, economists say - CBS News
2026-09-28T23:41:50.440087+00:00 news: 125 items (130 raw), 7 high-impact
  [6] US nonfarm payrolls blow past expectations in August; unemployment rate steady at 4.1% - Reuters
  [4] Australian Dollar Outlook: AUD/USD Holds 70c Ahead of RBA and CPI - FOREX.com
  [4] Inflation persisted in August, potentially locking in a Fed interest rate hike - CNBC
  [4] Friday's CPI inflation report is even more important than usual. Here's what to expect - CNBC
  [4] Weekly forex forecast: EUR/USD, XAU/USD, GBP/USD USD/JPY, Bitcoin and more [Video] - FXStreet
  [4] Analysis: Hot inflation data sets up a Fed rate hike. What happens if Warsh wavers - CNBC
  [4] Fed rate hike in September is all but guaranteed after CPI report, economists say - CBS News
2026-09-29T00:11:52.614774+00:00 news: 124 items (130 raw), 7 high-impact
  [6] US nonfarm payrolls blow past expectations in August; unemployment rate steady at 4.1% - Reuters
  [4] Australian Dollar Outlook: AUD/USD Holds 70c Ahead of RBA and CPI - FOREX.com
  [4] Inflation persisted in August, potentially locking in a Fed interest rate hike - CNBC
  [4] Friday's CPI inflation report is even more important than usual. Here's what to expect - CNBC
  [4] Analysis: Hot inflation data sets up a Fed rate hike. What happens if Warsh wavers - CNBC
  [4] Weekly forex forecast: EUR/USD, XAU/USD, GBP/USD USD/JPY, Bitcoin and more [Video] - FXStreet
  [4] Fed rate hike in September is all but guaranteed after CPI report, economists say - CBS News
2026-09-29T00:41:55.015765+00:00 news: 126 items (130 raw), 8 high-impact
  [6] US nonfarm payrolls blow past expectations in August; unemployment rate steady at 4.1% - Reuters
  [4] Australian Dollar Outlook: AUD/USD Holds 70c Ahead of RBA and CPI - FOREX.com
  [4] Inflation persisted in August, potentially locking in a Fed interest rate hike - CNBC
  [4] Friday's CPI inflation report is even more important than usual. Here's what to expect - CNBC
  [4] Analysis: Hot inflation data sets up a Fed rate hike. What happens if Warsh wavers - CNBC
  [4] Fed rate hike in September is all but guaranteed after CPI report, economists say - CBS News
  [4] Weekly forex forecast: EUR/USD, XAU/USD, GBP/USD USD/JPY, Bitcoin and more [Video] - FXStreet
  [4] China July factory-gate inflation eases to 3-month low, CPI slows - Reuters
2026-09-29T01:11:57.431920+00:00 news: 126 items (130 raw), 8 high-impact
  [6] US nonfarm payrolls blow past expectations in August; unemployment rate steady at 4.1% - Reuters
  [4] Australian Dollar Outlook: AUD/USD Holds 70c Ahead of RBA and CPI - FOREX.com
  [4] Inflation persisted in August, potentially locking in a Fed interest rate hike - CNBC
  [4] Friday's CPI inflation report is even more important than usual. Here's what to expect - CNBC
  [4] Analysis: Hot inflation data sets up a Fed rate hike. What happens if Warsh wavers - CNBC
  [4] Fed rate hike in September is all but guaranteed after CPI report, economists say - CBS News
  [4] Weekly forex forecast: EUR/USD, XAU/USD, GBP/USD USD/JPY, Bitcoin and more [Video] - FXStreet
  [4] China July factory-gate inflation eases to 3-month low, CPI slows - Reuters
2026-09-29T01:41:59.568691+00:00 news: 123 items (130 raw), 7 high-impact
  [6] US nonfarm payrolls blow past expectations in August; unemployment rate steady at 4.1% - Reuters
  [4] Australian Dollar Outlook: AUD/USD Holds 70c Ahead of RBA and CPI - FOREX.com
  [4] Inflation persisted in August, potentially locking in a Fed interest rate hike - CNBC
  [4] Friday's CPI inflation report is even more important than usual. Here's what to expect - CNBC
  [4] Analysis: Hot inflation data sets up a Fed rate hike. What happens if Warsh wavers - CNBC
  [4] Fed rate hike in September is all but guaranteed after CPI report, economists say - CBS News
  [4] Weekly forex forecast: EUR/USD, XAU/USD, GBP/USD USD/JPY, Bitcoin and more [Video] - FXStreet
2026-09-29T02:12:02.020031+00:00 news: 124 items (130 raw), 7 high-impact
  [6] US nonfarm payrolls blow past expectations in August; unemployment rate steady at 4.1% - Reuters
  [4] Australian Dollar Outlook: AUD/USD Holds 70c Ahead of RBA and CPI - FOREX.com
  [4] Inflation persisted in August, potentially locking in a Fed interest rate hike - CNBC
  [4] Friday's CPI inflation report is even more important than usual. Here's what to expect - CNBC
  [4] Analysis: Hot inflation data sets up a Fed rate hike. What happens if Warsh wavers - CNBC
  [4] Fed rate hike in September is all but guaranteed after CPI report, economists say - CBS News
  [4] Weekly forex forecast: EUR/USD, XAU/USD, GBP/USD USD/JPY, Bitcoin and more [Video] - FXStreet
